// Jest Snapshot v1, https://goo.gl/fbAQLP

exports[`<Href /> Snapshot of normal link should match 1`] = `
<Fragment>
  <style
    jsx={true}
  >
    
            a:before {
              background: url() no-repeat center center;
              background-size: cover;
            }
          
  </style>
  <Link
    href="/"
  >
    <a
      aria-label=""
      href="/"
    />
  </Link>
</Fragment>
`;

exports[`<Href /> Snapshot of samePage link should match 1`] = `
<Fragment>
  <Link
    activeClass="active"
    aria-label=""
    className=""
    duration={500}
    offset={0}
    smooth={true}
    spy={false}
    to="/"
  />
</Fragment>
`;
